{
  "version": "1.5.0",
  "plugins_used": [
    {
      "name": "ArtifactoryDetector"
    },
    {
      "name": "AWSKeyDetector"
    },
    {
      "name": "AzureStorageKeyDetector"
    },
    {
      "name": "Base64HighEntropyString",
      "limit": 4.5
    },
    {
      "name": "BasicAuthDetector"
    },
    {
      "name": "CloudantDetector"
    },
    {
      "name": "DiscordBotTokenDetector"
    },
    {
      "name": "GitHubTokenDetector"
    },
    {
      "name": "HexHighEntropyString",
      "limit": 3.0
    },
    {
      "name": "IbmCloudIamDetector"
    },
    {
      "name": "IbmCosHmacDetector"
    },
    {
      "name": "JwtTokenDetector"
    },
    {
      "name": "KeywordDetector",
      "keyword_exclude": ""
    },
    {
      "name": "MailchimpDetector"
    },
    {
      "name": "NpmDetector"
    },
    {
      "name": "PrivateKeyDetector"
    },
    {
      "name": "SendGridDetector"
    },
    {
      "name": "SlackDetector"
    },
    {
      "name": "SoftlayerDetector"
    },
    {
      "name": "SquareOAuthDetector"
    },
    {
      "name": "StripeDetector"
    },
    {
      "name": "TwilioKeyDetector"
    }
  ],
  "filters_used": [
    {
      "path": "detect_secrets.filters.allowlist.is_line_allowlisted"
    },
    {
      "path": "detect_secrets.filters.common.is_baseline_file",
      "filename": ".secrets.baseline"
    },
    {
      "path": "detect_secrets.filters.common.is_ignored_due_to_verification_policies",
      "min_level": 2
    },
    {
      "path": "detect_secrets.filters.heuristic.is_indirect_reference"
    },
    {
      "path": "detect_secrets.filters.heuristic.is_likely_id_string"
    },
    {
      "path": "detect_secrets.filters.heuristic.is_lock_file"
    },
    {
      "path": "detect_secrets.filters.heuristic.is_not_alphanumeric_string"
    },
    {
      "path": "detect_secrets.filters.heuristic.is_potential_uuid"
    },
    {
      "path": "detect_secrets.filters.heuristic.is_prefixed_with_dollar_sign"
    },
    {
      "path": "detect_secrets.filters.heuristic.is_sequential_string"
    },
    {
      "path": "detect_secrets.filters.heuristic.is_swagger_file"
    },
    {
      "path": "detect_secrets.filters.heuristic.is_templated_secret"
    }
  ],
  "results": {
    ".env.example": [
      {
        "type": "Basic Auth Credentials",
        "filename": ".env.example",
        "hashed_secret": "5baa61e4c9b93f3f0682250b6cf8331b7ee68fd8",
        "is_verified": false,
        "line_number": 4
      }
    ],
    ".github/workflows/python-package.yml": [
      {
        "type": "Secret Keyword",
        "filename": ".github/workflows/python-package.yml",
        "hashed_secret": "3acfb2c2b433c0ea7ff107e33df91b18e52f960f",
        "is_verified": false,
        "line_number": 121
      }
    ],
    "DOCKER_ENV_SETUP.md": [
      {
        "type": "Secret Keyword",
        "filename": "DOCKER_ENV_SETUP.md",
        "hashed_secret": "6d9c68c603e465077bdd49c62347fe54717f83a3",
        "is_verified": false,
        "line_number": 75
      }
    ],
    "demo_gemini_live.py": [
      {
        "type": "Secret Keyword",
        "filename": "demo_gemini_live.py",
        "hashed_secret": "bddee0e47c5532dd12fbc8ad833e450fd1754d4e",
        "is_verified": false,
        "line_number": 17
      }
    ],
    "demo_kali_integration.py": [
      {
        "type": "Secret Keyword",
        "filename": "demo_kali_integration.py",
        "hashed_secret": "c41b9f06f50d11eeecc37384c5d6a15c8e1e53f5",
        "is_verified": false,
        "line_number": 242
      }
    ],
    "docker/base/fs/etc/searxng/settings.yml": [
      {
        "type": "Secret Keyword",
        "filename": "docker/base/fs/etc/searxng/settings.yml",
        "hashed_secret": "829c3804401b0727f70f73d4415e162400cbe57b",
        "is_verified": false,
        "line_number": 18
      }
    ],
    "docker/run/fs/etc/searxng/settings.yml": [
      {
        "type": "Secret Keyword",
        "filename": "docker/run/fs/etc/searxng/settings.yml",
        "hashed_secret": "829c3804401b0727f70f73d4415e162400cbe57b",
        "is_verified": false,
        "line_number": 18
      }
    ],
    "docs/TESTING.md": [
      {
        "type": "Secret Keyword",
        "filename": "docs/TESTING.md",
        "hashed_secret": "26a4f70ab67408eb5fc5a56e9f662d97dca99c7c",
        "is_verified": false,
        "line_number": 233
      },
      {
        "type": "Secret Keyword",
        "filename": "docs/TESTING.md",
        "hashed_secret": "0dc7848e4931c520c2ddf0429114b536ea24a5b2",
        "is_verified": false,
        "line_number": 234
      }
    ],
    "docs/architecture-framework.md": [
      {
        "type": "Secret Keyword",
        "filename": "docs/architecture-framework.md",
        "hashed_secret": "e5e9fa1ba31ecd1ae84f75caaa474f3a663f05f4",
        "is_verified": false,
        "line_number": 42
      },
      {
        "type": "Secret Keyword",
        "filename": "docs/architecture-framework.md",
        "hashed_secret": "698069803543ac8d968d0b859485cb2002703d1b",
        "is_verified": false,
        "line_number": 103
      }
    ],
    "docs/gemini-live-api.md": [
      {
        "type": "Secret Keyword",
        "filename": "docs/gemini-live-api.md",
        "hashed_secret": "11fa7c37d697f30e6aee828b4426a10f83ab2380",
        "is_verified": false,
        "line_number": 70
      }
    ],
    "example.env": [
      {
        "type": "Secret Keyword",
        "filename": "example.env",
        "hashed_secret": "c4cb76de18178f2359d41473b300ecf70709d1c6",
        "is_verified": false,
        "line_number": 28
      }
    ],
    "framework/helpers/dotenv.py": [
      {
        "type": "Secret Keyword",
        "filename": "framework/helpers/dotenv.py",
        "hashed_secret": "52a6471aa091099b287f8b34445ffbfcf007b2fb",
        "is_verified": false,
        "line_number": 10
      },
      {
        "type": "Secret Keyword",
        "filename": "framework/helpers/dotenv.py",
        "hashed_secret": "a951c7fa479050643d39d8ae6808c5d05cae03e1",
        "is_verified": false,
        "line_number": 11
      },
      {
        "type": "Secret Keyword",
        "filename": "framework/helpers/dotenv.py",
        "hashed_secret": "d1844a0e656404494ef1b49f06911f3d49956e67",
        "is_verified": false,
        "line_number": 12
      }
    ],
    "lib/browser/extract_dom.js": [
      {
        "type": "Base64 High Entropy String",
        "filename": "lib/browser/extract_dom.js",
        "hashed_secret": "e582429052cdb908833560f6f7582d232de37c4d",
        "is_verified": false,
        "line_number": 8
      }
    ],
    "test.env": [
      {
        "type": "Secret Keyword",
        "filename": "test.env",
        "hashed_secret": "3acfb2c2b433c0ea7ff107e33df91b18e52f960f",
        "is_verified": false,
        "line_number": 2
      }
    ],
    "test_gemini_live.py": [
      {
        "type": "Secret Keyword",
        "filename": "test_gemini_live.py",
        "hashed_secret": "00942f4668670f34c5943cf52c7ef3139fe2b8d6",
        "is_verified": false,
        "line_number": 51
      }
    ],
    "test_gemini_live_basic.py": [
      {
        "type": "Secret Keyword",
        "filename": "test_gemini_live_basic.py",
        "hashed_secret": "00942f4668670f34c5943cf52c7ef3139fe2b8d6",
        "is_verified": false,
        "line_number": 27
      }
    ],
    "test_kali_integration.py": [
      {
        "type": "Secret Keyword",
        "filename": "test_kali_integration.py",
        "hashed_secret": "206c80413b9a96c1312cc346b7d2517b84463edd",
        "is_verified": false,
        "line_number": 43
      },
      {
        "type": "Secret Keyword",
        "filename": "test_kali_integration.py",
        "hashed_secret": "c41b9f06f50d11eeecc37384c5d6a15c8e1e53f5",
        "is_verified": false,
        "line_number": 311
      }
    ],
    "tests/test_environment.py": [
      {
        "type": "Secret Keyword",
        "filename": "tests/test_environment.py",
        "hashed_secret": "26a4f70ab67408eb5fc5a56e9f662d97dca99c7c",
        "is_verified": false,
        "line_number": 32
      },
      {
        "type": "Secret Keyword",
        "filename": "tests/test_environment.py",
        "hashed_secret": "0dc7848e4931c520c2ddf0429114b536ea24a5b2",
        "is_verified": false,
        "line_number": 33
      },
      {
        "type": "Secret Keyword",
        "filename": "tests/test_environment.py",
        "hashed_secret": "196a46e926e3e1ee2702d1d936cace603695b990",
        "is_verified": false,
        "line_number": 34
      },
      {
        "type": "Secret Keyword",
        "filename": "tests/test_environment.py",
        "hashed_secret": "dc55330ccc612e8df8d9ddf0e5346c7fdca3736b",
        "is_verified": false,
        "line_number": 35
      },
      {
        "type": "Secret Keyword",
        "filename": "tests/test_environment.py",
        "hashed_secret": "6abb610bba0bbd534a87e227ef1e35c964b03abe",
        "is_verified": false,
        "line_number": 36
      },
      {
        "type": "Secret Keyword",
        "filename": "tests/test_environment.py",
        "hashed_secret": "ebae470543751b32ff5629ebbd8a6e7154f7495a",
        "is_verified": false,
        "line_number": 37
      },
      {
        "type": "Secret Keyword",
        "filename": "tests/test_environment.py",
        "hashed_secret": "62bed2b521ca79c0cb6c4707541378c85aa3cf09",
        "is_verified": false,
        "line_number": 38
      },
      {
        "type": "Secret Keyword",
        "filename": "tests/test_environment.py",
        "hashed_secret": "311feaaf704516e445f0d1a6f0368464ba479a82",
        "is_verified": false,
        "line_number": 39
      },
      {
        "type": "Secret Keyword",
        "filename": "tests/test_environment.py",
        "hashed_secret": "9f0010f7bffba55d4f361bb8ca7e1004c39487f0",
        "is_verified": false,
        "line_number": 40
      },
      {
        "type": "Secret Keyword",
        "filename": "tests/test_environment.py",
        "hashed_secret": "6731834487e9dd32ec3df63994d996da1133dbb9",
        "is_verified": false,
        "line_number": 44
      }
    ]
  },
  "generated_at": "2025-07-23T00:51:05Z"
}
